error: Unknown field: `unknown_attribute`. Available values: `primary_key`, `referenced_key`, `relation`
 --> tests/ui/invalid_attribute_name.rs:4:1
  |
4 | struct Anvil {
  | ^^^^^^
