error: Unknown field: `primery_key`. Did you mean `primary_key`?
 --> tests/ui/typo_in_attribute.rs:4:1
  |
4 | struct Anvil {
  | ^^^^^^
